---
source: crates/ruff_linter/src/rules/ruff/mod.rs
---
RUF029_fastapi.py:7:11: RUF029 Function `fastapi_route` is declared `async`, but doesn't `await` or use `async` features.
  |
6 | @app.post("/count")
7 | async def fastapi_route():
  |           ^^^^^^^^^^^^^ RUF029
8 |     return 1
  |
